#-----------------------------------------------------------
# Webtalk v2016.3 (64-bit)
# SW Build 1682563 on Mon Oct 10 19:07:27 MDT 2016
# IP Build 1681267 on Mon Oct 10 21:28:31 MDT 2016
# Start of session at: Sat Apr 03 23:19:16 2021
# Process ID: 19344
# Current directory: C:/Users/hamas/Documents/Carleton/ELEC3500/Lab9/Egg_Timer_Project/Egg_Timer_Project/Egg_Timer_Project.sim/sim_1/behav
# Command line: wbtcv.exe -mode batch -source C:/Users/hamas/Documents/Carleton/ELEC3500/Lab9/Egg_Timer_Project/Egg_Timer_Project/Egg_Timer_Project.sim/sim_1/behav/xsim.dir/top_tb_behav/webtalk/xsim_webtalk.tcl -notrace
# Log file: C:/Users/hamas/Documents/Carleton/ELEC3500/Lab9/Egg_Timer_Project/Egg_Timer_Project/Egg_Timer_Project.sim/sim_1/behav/webtalk.log
# Journal file: C:/Users/hamas/Documents/Carleton/ELEC3500/Lab9/Egg_Timer_Project/Egg_Timer_Project/Egg_Timer_Project.sim/sim_1/behav\webtalk.jou
#-----------------------------------------------------------
source C:/Users/hamas/Documents/Carleton/ELEC3500/Lab9/Egg_Timer_Project/Egg_Timer_Project/Egg_Timer_Project.sim/sim_1/behav/xsim.dir/top_tb_behav/webtalk/xsim_webtalk.tcl -notrace
